Microchip MPLAB XC8 Compiler V1.35 ()

Linker command line:

--edf=/Applications/microchip/xc8/v1.35/dat/en_msgs.txt -cs \
  -h+dist/default/production/1789_for_debug.X.production.sym \
  --cmf=dist/default/production/1789_for_debug.X.production.cmf -z \
  -Q16F1789 -o/tmp/xc1MADoev \
  -Mdist/default/production/1789_for_debug.X.production.map -E1 -ver=XC8 \
  -ASTACK=0221Fh-027efh -pstack=STACK -ACODE=00h-07FFhx8 \
  -ASTRCODE=00h-03FFFh -ASTRING=00h-0FFhx64 -ACONST=00h-0FFhx64 \
  -AENTRY=00h-0FFhx64 -ACOMMON=070h-07Fh -ABANK0=020h-06Fh \
  -ABANK1=0A0h-0EFh -ABANK2=0120h-016Fh -ABANK3=01A0h-01EFh \
  -ABANK4=0220h-026Fh -ABANK5=02A0h-02EFh -ABANK6=0320h-036Fh \
  -ABANK7=03A0h-03EFh -ABANK8=0420h-046Fh -ABANK9=04A0h-04EFh \
  -ABANK10=0520h-056Fh -ABANK11=05A0h-05EFh -ABANK12=0620h-066Fh \
  -ABANK13=06A0h-06EFh -ABANK14=0720h-076Fh -ABANK15=07A0h-07EFh \
  -ABANK16=0820h-086Fh -ABANK17=08A0h-08EFh -ABANK18=0920h-096Fh \
  -ABANK19=09A0h-09EFh -ABANK20=0A20h-0A6Fh -ABANK21=0AA0h-0AEFh \
  -ABANK22=0B20h-0B6Fh -ABANK23=0BA0h-0BEFh -ABANK24=0C20h-0C6Fh \
  -ABANK25=0CA0h-0CBFh -ABIGRAM=02000h-027EFh \
  -ARAM=020h-06Fh,0A0h-0EFh,0120h-016Fh,01A0h-01EFh,0220h-026Fh,02A0h-02EFh,0320h-036Fh,03A0h-03EFh,0420h-046Fh,04A0h-04EFh,0520h-056Fh,05A0h-05EFh,0620h-066Fh,06A0h-06EFh,0720h-076Fh,07A0h-07EFh,0820h-086Fh,08A0h-08EFh,0920h-096Fh,09A0h-09EFh,0A20h-0A6Fh,0AA0h-0AEFh,0B20h-0B6Fh,0BA0h-0BEFh,0C20h-0C6Fh,0CA0h-0CBFh \
  -AABS1=020h-07Fh,0A0h-0EFh,0120h-016Fh,01A0h-01EFh,0220h-026Fh,02A0h-02EFh,0320h-036Fh,03A0h-03EFh,0420h-046Fh,04A0h-04EFh,0520h-056Fh,05A0h-05EFh,0620h-066Fh,06A0h-06EFh,0720h-076Fh,07A0h-07EFh,0820h-086Fh,08A0h-08EFh,0920h-096Fh,09A0h-09EFh,0A20h-0A6Fh,0AA0h-0AEFh,0B20h-0B6Fh,0BA0h-0BEFh,0C20h-0C6Fh,0CA0h-0CBFh \
  -ASFR0=00h-01Fh -ASFR1=080h-09Fh -ASFR2=0100h-011Fh -ASFR3=0180h-019Fh \
  -ASFR4=0200h-021Fh -ASFR5=0280h-029Fh -ASFR6=0300h-031Fh \
  -ASFR7=0380h-039Fh -ASFR8=0400h-041Fh -ASFR9=0480h-049Fh \
  -ASFR10=0500h-051Fh -ASFR11=0580h-059Fh -ASFR12=0600h-061Fh \
  -ASFR13=0680h-069Fh -ASFR14=0700h-071Fh -ASFR15=0780h-079Fh \
  -ASFR16=0800h-081Fh -ASFR17=0880h-089Fh -ASFR18=0900h-091Fh \
  -ASFR19=0980h-099Fh -ASFR20=0A00h-0A1Fh -ASFR21=0A80h-0A9Fh \
  -ASFR22=0B00h-0B1Fh -ASFR23=0B80h-0B9Fh -ASFR24=0C00h-0C1Fh \
  -ASFR25=0C80h-0C9Fh -ASFR26=0D00h-0D6Fh -ASFR27=0D80h-0DEFh \
  -ASFR28=0E00h-0E6Fh -ASFR29=0E80h-0EEFh -ASFR30=0F00h-0F6Fh \
  -ASFR31=0F80h-0FEFh -preset_vec=00h,intentry=04h,init,end_init \
  -ppowerup=CODE -pcinit=CODE -pfunctab=CODE -ACONFIG=08007h-08008h \
  -pconfig=CONFIG -DCONFIG=2 -AIDLOC=08000h-08003h -pidloc=IDLOC -DIDLOC=2 \
  -AEEDATA=00h-0FFh/0F000h -peeprom_data=EEDATA -DEEDATA=2 -DCODE=2 \
  -DSTRCODE=2 -DSTRING=2 -DCONST=2 -DENTRY=2 -k /tmp/xc9CV2cip.obj \
  dist/default/production/1789_for_debug.X.production.obj 

Object code version is 3.11

Machine type is 16F1789



                Name                               Link     Load   Length Selector   Space Scale
/tmp/xc9CV2cip.obj
                end_init                             31       31        2        8       0
                reset_vec                             0        0        2        0       0
                config                             8007     8007        2    1000E       0
dist/default/production/1789_for_debug.X.production.obj
                cinit                                33       33       66        8       0
                intentry                              4        4       2D        8       0
                text78                             1B05     1B05       20     360A       0
                text77                             1B25     1B25       20     364A       0
                text76                             18E2     18E2        4     31C4       0
                text75                             19F0     19F0       17     33E0       0
                text74                             18E6     18E6        4     31CC       0
                text73                             19C8     19C8       14     3390       0
                text71                             1924     1924        9     3248       0
                text70                             192D     192D        9     325A       0
                text69                             1936     1936        9     326C       0
                text68                             1954     1954        C     32A8       0
                text67                             1A72     1A72       1D     34E4       0
                text66                                2        2        1        0       0
                text65                             1904     1904        6     3208       0
                text64                             18DC     18DC        3     31B8       0
                text63                             196C     196C        D     32D8       0
                text62                             1979     1979        F     32F2       0
                text61                             1DBD     1DBD       3E     3B7A       0
                text60                             1B66     1B66       24     36CC       0
                text59                             191C     191C        8     3238       0
                text58                             1F5B     1F5B       52     3EB6       0
                text57                             1F0D     1F0D       4E     3E1A       0
                text56                             1576     1576       6C     2AEC       0
                text55                             1339     1339       55     2672       0
                text54                             150F     150F       67     2A1E       0
                text53                             1B8A     1B8A       24     3714       0
                text52                              802      802       8E     1004       0
                text51                             1E3E     1E3E       45     3C7C       0
                text50                             1E83     1E83       45     3D06       0
                text49                              7A9      7A9       57        8       0
                text48                             1A07     1A07       1A     340E       0
                text47                             18FA     18FA        5     31F4       0
                text46                             1CE5     1CE5       34     39CA       0
                text45                             1BFA     1BFA       2C     37F4       0
                text44                             1655     1655       74     2CAA       0
                text43                             19B6     19B6       12     336C       0
                text42                             1FAD     1FAD       53     3F5A       0
                swtext1                            1800     1800        E     3000       0
                text41                              AAB      AAB      1FA     1556       0
                text40                             1BAE     1BAE       26     375C       0
                text39                             1A8F     1A8F       1D     351E       0
                text38                             1988     1988        F     3310       0
                text37                             1BD4     1BD4       26     37A8       0
                text36                             1997     1997        F     332E       0
                text35                             19DC     19DC       14     33B8       0
                text34                             1C54     1C54       2F     38A8       0
                text33                              890      890       B5     1120       0
                text32                             1AAC     1AAC       1D     3558       0
                text31                             1449     1449       61     2892       0
                text30                             1EC8     1EC8       45     3D90       0
                text29                             1D19     1D19       34     3A32       0
                text28                             1DFB     1DFB       43     3BF6       0
                text27                             16C9     16C9       99     2D92       0
                text26                             15E2     15E2       73     2BC4       0
                text25                             138E     138E       5C     271C       0
                text24                             14AA     14AA       65     2954       0
                text23                             13EA     13EA       5F     27D4       0
                text22                             1C26     1C26       2E     384C       0
                text21                              6C4      6C4       E5        8       0
                text20                             1A3B     1A3B       1B     3476       0
                text19                               99       99      62B        8       0
                text18                             1AC9     1AC9       1D     3592       0
                text17                             1D4D     1D4D       38     3A9A       0
                text16                             1CB3     1CB3       32     3966       0
                text15                              945      945      166     128A       0
                text14                             1762     1762       9E     2EC4       0
                text13                             193F     193F        A     327E       0
                text12                             18FF     18FF        5     31FE       0
                text11                             1A56     1A56       1C     34AC       0
                text10                             18EA     18EA        4     31D4       0
                text9                              18EE     18EE        4     31DC       0
                text8                              18F2     18F2        4     31E4       0
                text7                              18F6     18F6        4     31EC       0
                text6                              190A     190A        6     3214       0
                text5                              1D85     1D85       38     3B0A       0
                text4                              19A6     19A6       10     334C       0
                text3                              18DF     18DF        3     31BE       0
                text2                              1960     1960        C     32C0       0
                text1                              1B45     1B45       21     368A       0
                maintext                            CA5      CA5      35B     194A       0
                cstackBANK0                          20       20       50       20       1
                cstackCOMMON                         70       70        A       70       1
                cstackBANK1                          A0       A0       3F       A0       1
                cstackBANK2                         16A      16A        4      120       1
                inittext                           1910     1910        6     3220       0
                clrtext                            1916     1916        6     322C       0
                dataBANK6                           320      320       3F      320       1
                dataBANK5                           2A0      2A0       1A      2A0       1
                dataBANK4                           220      220       30      220       1
                bssBANK4                            250      250       20      220       1
                dataBANK3                           1C8      1C8       1F      1A0       1
                bssBANK3                            1A0      1A0       28      1A0       1
                dataBANK2                           15F      15F        B      120       1
                bssBANK2                            120      120       3F      120       1
                dataBANK1                            EF       EF        1       A0       1
                bssBANK1                             DF       DF       10       A0       1
                bssCOMMON                            7A       7A        2       70       1
                stringtext                         1000     1000      2F9     2000       0
                nvBANK2                             16E      16E        2      120       1
                idataBANK6                         12FA     12FA       3F     25F4       0
                idataBANK5                         1A21     1A21       1A     3442       0
                idataBANK4                         1C83     1C83       30     3906       0
                idataBANK3                         1AE6     1AE6       1F     35CC       0
                idataBANK2                         1949     1949        B     3292       0
                idataBANK1                            3        3        1        6       0

TOTAL           Name                               Link     Load   Length     Space
        CLASS   STACK          

        CLASS   CODE           
                end_init                             31       31        2         0
                cinit                                33       33       66         0
                intentry                              4        4       2D         0
                reset_vec                             0        0        2         0
                text78                             1B05     1B05       20         0
                text77                             1B25     1B25       20         0
                text76                             18E2     18E2        4         0
                text75                             19F0     19F0       17         0
                text74                             18E6     18E6        4         0
                text73                             19C8     19C8       14         0
                text71                             1924     1924        9         0
                text70                             192D     192D        9         0
                text69                             1936     1936        9         0
                text68                             1954     1954        C         0
                text67                             1A72     1A72       1D         0
                text66                                2        2        1         0
                text65                             1904     1904        6         0
                text64                             18DC     18DC        3         0
                text63                             196C     196C        D         0
                text62                             1979     1979        F         0
                text61                             1DBD     1DBD       3E         0
                text60                             1B66     1B66       24         0
                text59                             191C     191C        8         0
                text58                             1F5B     1F5B       52         0
                text57                             1F0D     1F0D       4E         0
                text56                             1576     1576       6C         0
                text55                             1339     1339       55         0
                text54                             150F     150F       67         0
                text53                             1B8A     1B8A       24         0
                text52                              802      802       8E         0
                text51                             1E3E     1E3E       45         0
                text50                             1E83     1E83       45         0
                text49                              7A9      7A9       57         0
                text48                             1A07     1A07       1A         0
                text47                             18FA     18FA        5         0
                text46                             1CE5     1CE5       34         0
                text45                             1BFA     1BFA       2C         0
                text44                             1655     1655       74         0
                text43                             19B6     19B6       12         0
                text42                             1FAD     1FAD       53         0
                text41                              AAB      AAB      1FA         0
                text40                             1BAE     1BAE       26         0
                text39                             1A8F     1A8F       1D         0
                text38                             1988     1988        F         0
                text37                             1BD4     1BD4       26         0
                text36                             1997     1997        F         0
                text35                             19DC     19DC       14         0
                text34                             1C54     1C54       2F         0
                text33                              890      890       B5         0
                text32                             1AAC     1AAC       1D         0
                text31                             1449     1449       61         0
                text30                             1EC8     1EC8       45         0
                text29                             1D19     1D19       34         0
                text28                             1DFB     1DFB       43         0
                text27                             16C9     16C9       99         0
                text26                             15E2     15E2       73         0
                text25                             138E     138E       5C         0
                text24                             14AA     14AA       65         0
                text23                             13EA     13EA       5F         0
                text22                             1C26     1C26       2E         0
                text21                              6C4      6C4       E5         0
                text20                             1A3B     1A3B       1B         0
                text19                               99       99      62B         0
                text18                             1AC9     1AC9       1D         0
                text17                             1D4D     1D4D       38         0
                text16                             1CB3     1CB3       32         0
                text15                              945      945      166         0
                text14                             1762     1762       9E         0
                text13                             193F     193F        A         0
                text12                             18FF     18FF        5         0
                text11                             1A56     1A56       1C         0
                text10                             18EA     18EA        4         0
                text9                              18EE     18EE        4         0
                text8                              18F2     18F2        4         0
                text7                              18F6     18F6        4         0
                text6                              190A     190A        6         0
                text5                              1D85     1D85       38         0
                text4                              19A6     19A6       10         0
                text3                              18DF     18DF        3         0
                text2                              1960     1960        C         0
                text1                              1B45     1B45       21         0
                maintext                            CA5      CA5      35B         0
                inittext                           1910     1910        6         0
                clrtext                            1916     1916        6         0
                idataBANK6                         12FA     12FA       3F         0
                idataBANK5                         1A21     1A21       1A         0
                idataBANK4                         1C83     1C83       30         0
                idataBANK3                         1AE6     1AE6       1F         0
                idataBANK2                         1949     1949        B         0
                idataBANK1                            3        3        1         0

        CLASS   STRCODE        
                stringtext                         1000     1000      2F9         0

        CLASS   STRING         

        CLASS   CONST          
                swtext1                            1800     1800        E         0

        CLASS   ENTRY          

        CLASS   COMMON         
                cstackCOMMON                         70       70        A         1
                bssCOMMON                            7A       7A        2         1

        CLASS   BANK0          
                cstackBANK0                          20       20       50         1

        CLASS   BANK1          
                cstackBANK1                          A0       A0       3F         1
                dataBANK1                            EF       EF        1         1
                bssBANK1                             DF       DF       10         1

        CLASS   BANK2          
                cstackBANK2                         16A      16A        4         1
                dataBANK2                           15F      15F        B         1
                bssBANK2                            120      120       3F         1
                nvBANK2                             16E      16E        2         1

        CLASS   BANK3          
                dataBANK3                           1C8      1C8       1F         1
                bssBANK3                            1A0      1A0       28         1

        CLASS   BANK4          
                dataBANK4                           220      220       30         1
                bssBANK4                            250      250       20         1

        CLASS   BANK5          
                dataBANK5                           2A0      2A0       1A         1

        CLASS   BANK6          
                dataBANK6                           320      320       3F         1

        CLASS   BANK7          

        CLASS   BANK8          

        CLASS   BANK9          

        CLASS   BANK10         

        CLASS   BANK11         

        CLASS   BANK12         

        CLASS   BANK13         

        CLASS   BANK14         

        CLASS   BANK15         

        CLASS   BANK16         

        CLASS   BANK17         

        CLASS   BANK18         

        CLASS   BANK19         

        CLASS   BANK20         

        CLASS   BANK21         

        CLASS   BANK22         

        CLASS   BANK23         

        CLASS   BANK24         

        CLASS   BANK25         

        CLASS   BIGRAM         

        CLASS   RAM            

        CLASS   ABS1           
                abs_s1                               7E       7E        2         1

        CLASS   SFR0           

        CLASS   SFR1           

        CLASS   SFR2           

        CLASS   SFR3           

        CLASS   SFR4           

        CLASS   SFR5           

        CLASS   SFR6           

        CLASS   SFR7           

        CLASS   SFR8           

        CLASS   SFR9           

        CLASS   SFR10          

        CLASS   SFR11          

        CLASS   SFR12          

        CLASS   SFR13          

        CLASS   SFR14          

        CLASS   SFR15          

        CLASS   SFR16          

        CLASS   SFR17          

        CLASS   SFR18          

        CLASS   SFR19          

        CLASS   SFR20          

        CLASS   SFR21          

        CLASS   SFR22          

        CLASS   SFR23          

        CLASS   SFR24          

        CLASS   SFR25          

        CLASS   SFR26          

        CLASS   SFR27          

        CLASS   SFR28          

        CLASS   SFR29          

        CLASS   SFR30          

        CLASS   SFR31          

        CLASS   CONFIG         
                config                             8007     8007        2         0

        CLASS   IDLOC          

        CLASS   EEDATA         

        CLASS   BANK31         

        CLASS   BANK30         

        CLASS   BANK29         

        CLASS   BANK28         

        CLASS   BANK27         

        CLASS   BANK26         



SEGMENTS        Name                           Load    Length   Top    Selector   Space  Class     Delta

                reset_vec                      000000  000003  000003         0       0  CODE        2
                idataBANK1                     000003  000001  000004         6       0  CODE        2
                intentry                       000004  0007FC  000800         8       0  CODE        2
                cstackBANK0                    000020  000050  000070        20       1  BANK0       1
                cstackCOMMON                   000070  00000C  00007C        70       1  COMMON      1
                cstackBANK1                    0000A0  000050  0000F0        A0       1  BANK1       1
                bssBANK2                       000120  000050  000170       120       1  BANK2       1
                bssBANK3                       0001A0  000047  0001E7       1A0       1  BANK3       1
                dataBANK4                      000220  000050  000270       220       1  BANK4       1
                dataBANK5                      0002A0  00001A  0002BA       2A0       1  BANK5       1
                dataBANK6                      000320  00003F  00035F       320       1  BANK6       1
                text52                         000802  00008E  000890      1004       0  CODE        2
                text33                         000890  0000B5  000945      1120       0  CODE        2
                text15                         000945  000166  000AAB      128A       0  CODE        2
                text41                         000AAB  0001FA  000CA5      1556       0  CODE        2
                maintext                       000CA5  00035B  001000      194A       0  CODE        2
                stringtext                     001000  0002F9  0012F9      2000       0  STRCODE     2
                idataBANK6                     0012FA  00003F  001339      25F4       0  CODE        2
                text55                         001339  000055  00138E      2672       0  CODE        2
                text25                         00138E  00005C  0013EA      271C       0  CODE        2
                text23                         0013EA  00005F  001449      27D4       0  CODE        2
                text31                         001449  000061  0014AA      2892       0  CODE        2
                text24                         0014AA  000065  00150F      2954       0  CODE        2
                text54                         00150F  000067  001576      2A1E       0  CODE        2
                text56                         001576  00006C  0015E2      2AEC       0  CODE        2
                text26                         0015E2  000073  001655      2BC4       0  CODE        2
                text44                         001655  000074  0016C9      2CAA       0  CODE        2
                text27                         0016C9  000099  001762      2D92       0  CODE        2
                text14                         001762  00009E  001800      2EC4       0  CODE        2
                swtext1                        001800  00000E  00180E      3000       0  CONST       2
                text64                         0018DC  000003  0018DF      31B8       0  CODE        2
                text3                          0018DF  000003  0018E2      31BE       0  CODE        2
                text76                         0018E2  000004  0018E6      31C4       0  CODE        2
                text74                         0018E6  000004  0018EA      31CC       0  CODE        2
                text10                         0018EA  000004  0018EE      31D4       0  CODE        2
                text9                          0018EE  000004  0018F2      31DC       0  CODE        2
                text8                          0018F2  000004  0018F6      31E4       0  CODE        2
                text7                          0018F6  000004  0018FA      31EC       0  CODE        2
                text47                         0018FA  000005  0018FF      31F4       0  CODE        2
                text12                         0018FF  000005  001904      31FE       0  CODE        2
                text65                         001904  000006  00190A      3208       0  CODE        2
                text6                          00190A  000006  001910      3214       0  CODE        2
                inittext                       001910  000006  001916      3220       0  CODE        2
                clrtext                        001916  000006  00191C      322C       0  CODE        2
                text59                         00191C  000008  001924      3238       0  CODE        2
                text71                         001924  000009  00192D      3248       0  CODE        2
                text70                         00192D  000009  001936      325A       0  CODE        2
                text69                         001936  000009  00193F      326C       0  CODE        2
                text13                         00193F  00000A  001949      327E       0  CODE        2
                idataBANK2                     001949  00000B  001954      3292       0  CODE        2
                text68                         001954  00000C  001960      32A8       0  CODE        2
                text2                          001960  00000C  00196C      32C0       0  CODE        2
                text63                         00196C  00000D  001979      32D8       0  CODE        2
                text62                         001979  00000F  001988      32F2       0  CODE        2
                text38                         001988  00000F  001997      3310       0  CODE        2
                text36                         001997  00000F  0019A6      332E       0  CODE        2
                text4                          0019A6  000010  0019B6      334C       0  CODE        2
                text43                         0019B6  000012  0019C8      336C       0  CODE        2
                text73                         0019C8  000014  0019DC      3390       0  CODE        2
                text35                         0019DC  000014  0019F0      33B8       0  CODE        2
                text75                         0019F0  000017  001A07      33E0       0  CODE        2
                text48                         001A07  00001A  001A21      340E       0  CODE        2
                idataBANK5                     001A21  00001A  001A3B      3442       0  CODE        2
                text20                         001A3B  00001B  001A56      3476       0  CODE        2
                text11                         001A56  00001C  001A72      34AC       0  CODE        2
                text67                         001A72  00001D  001A8F      34E4       0  CODE        2
                text39                         001A8F  00001D  001AAC      351E       0  CODE        2
                text32                         001AAC  00001D  001AC9      3558       0  CODE        2
                text18                         001AC9  00001D  001AE6      3592       0  CODE        2
                idataBANK3                     001AE6  00001F  001B05      35CC       0  CODE        2
                text78                         001B05  000020  001B25      360A       0  CODE        2
                text77                         001B25  000020  001B45      364A       0  CODE        2
                text1                          001B45  000021  001B66      368A       0  CODE        2
                text60                         001B66  000024  001B8A      36CC       0  CODE        2
                text53                         001B8A  000024  001BAE      3714       0  CODE        2
                text40                         001BAE  000026  001BD4      375C       0  CODE        2
                text37                         001BD4  000026  001BFA      37A8       0  CODE        2
                text45                         001BFA  00002C  001C26      37F4       0  CODE        2
                text22                         001C26  00002E  001C54      384C       0  CODE        2
                text34                         001C54  00002F  001C83      38A8       0  CODE        2
                idataBANK4                     001C83  000030  001CB3      3906       0  CODE        2
                text16                         001CB3  000032  001CE5      3966       0  CODE        2
                text46                         001CE5  000034  001D19      39CA       0  CODE        2
                text29                         001D19  000034  001D4D      3A32       0  CODE        2
                text17                         001D4D  000038  001D85      3A9A       0  CODE        2
                text5                          001D85  000038  001DBD      3B0A       0  CODE        2
                text61                         001DBD  00003E  001DFB      3B7A       0  CODE        2
                text28                         001DFB  000043  001E3E      3BF6       0  CODE        2
                text51                         001E3E  000045  001E83      3C7C       0  CODE        2
                text50                         001E83  000045  001EC8      3D06       0  CODE        2
                text30                         001EC8  000045  001F0D      3D90       0  CODE        2
                text57                         001F0D  00004E  001F5B      3E1A       0  CODE        2
                text58                         001F5B  000052  001FAD      3EB6       0  CODE        2
                text42                         001FAD  000053  002000      3F5A       0  CODE        2
                config                         008007  000002  008009     1000E       0  CONFIG      2


UNUSED ADDRESS RANGES

        Name                Unused          Largest block    Delta
        BANK10           00520-0056F              50           1
        BANK11           005A0-005EF              50           1
        BANK12           00620-0066F              50           1
        BANK13           006A0-006EF              50           1
        BANK14           00720-0076F              50           1
        BANK15           007A0-007EF              50           1
        BANK16           00820-0086F              50           1
        BANK17           008A0-008EF              50           1
        BANK18           00920-0096F              50           1
        BANK19           009A0-009EF              50           1
        BANK20           00A20-00A6F              50           1
        BANK21           00AA0-00AEF              50           1
        BANK22           00B20-00B6F              50           1
        BANK23           00BA0-00BEF              50           1
        BANK24           00C20-00C6F              50           1
        BANK25           00CA0-00CBF              20           1
        BANK3            001E7-001EF               9           1
        BANK5            002BA-002EF              36           1
        BANK6            0035F-0036F              11           1
        BANK7            003A0-003EF              50           1
        BANK8            00420-0046F              50           1
        BANK9            004A0-004EF              50           1
        BIGRAM           02000-027EF             7F0           1
        CODE             00800-00801               2           2
                         012F9-012F9               1
                         0180E-018DB              CE
                         02000-03FFF             800
        COMMON           0007C-0007D               2           1
        CONST            00800-00801               2           2
                         012F9-012F9               1
                         0180E-018DB              CE
                         02000-03FFF             100
        EEDATA           0F000-0F0FF             100           2
        ENTRY            00800-00801               2           2
                         012F9-012F9               1
                         0180E-018DB              CE
                         02000-03FFF             100
        IDLOC            08000-08003               4           2
        RAM              001E7-001EF               9           1
                         002BA-002EF              36
                         0035F-0036F              11
                         003A0-003EF              50
                         00420-0046F              50
                         004A0-004EF              50
                         00520-0056F              50
                         005A0-005EF              50
                         00620-0066F              50
                         006A0-006EF              50
                         00720-0076F              50
                         007A0-007EF              50
                         00820-0086F              50
                         008A0-008EF              50
                         00920-0096F              50
                         009A0-009EF              50
                         00A20-00A6F              50
                         00AA0-00AEF              50
                         00B20-00B6F              50
                         00BA0-00BEF              50
                         00C20-00C6F              50
                         00CA0-00CBF              20
        SFR0             00000-0001F              20           1
        SFR1             00080-0009F              20           1
        SFR10            00500-0051F              20           1
        SFR11            00580-0059F              20           1
        SFR12            00600-0061F              20           1
        SFR13            00680-0069F              20           1
        SFR14            00700-0071F              20           1
        SFR15            00780-0079F              20           1
        SFR16            00800-0081F              20           1
        SFR17            00880-0089F              20           1
        SFR18            00900-0091F              20           1
        SFR19            00980-0099F              20           1
        SFR2             00100-0011F              20           1
        SFR20            00A00-00A1F              20           1
        SFR21            00A80-00A9F              20           1
        SFR22            00B00-00B1F              20           1
        SFR23            00B80-00B9F              20           1
        SFR24            00C00-00C1F              20           1
        SFR25            00C80-00C9F              20           1
        SFR26            00D00-00D6F              70           1
        SFR27            00D80-00DEF              70           1
        SFR28            00E00-00E6F              70           1
        SFR29            00E80-00EEF              70           1
        SFR3             00180-0019F              20           1
        SFR30            00F00-00F6F              70           1
        SFR31            00F80-00FEF              70           1
        SFR4             00200-0021F              20           1
        SFR5             00280-0029F              20           1
        SFR6             00300-0031F              20           1
        SFR7             00380-0039F              20           1
        SFR8             00400-0041F              20           1
        SFR9             00480-0049F              20           1
        STACK            0221F-027EF             5D1           1
        STRCODE          00800-00801               2           2
                         012F9-012F9               1
                         0180E-018DB              CE
                         02000-03FFF            2000
        STRING           00800-00801               2           2
                         012F9-012F9               1
                         0180E-018DB              CE
                         02000-03FFF             100

                                  Symbol Table

?_ADC_GetConversion                  cstackCOMMON 00072
?_Covert_Month_2_Day                 cstackCOMMON 00072
?___awdiv                            cstackCOMMON 00072
?___awmod                            cstackCOMMON 00072
?___lldiv                            cstackCOMMON 00072
?___llmod                            cstackCOMMON 00072
?___lmul                             cstackCOMMON 00072
?___lwdiv                            cstackCOMMON 00072
?___lwmod                            cstackCOMMON 00072
?___wmul                             cstackCOMMON 00072
ADC_GetConversion@channel            cstackCOMMON 00075
ASCII_OCT2HEX@ASCII_OCT              cstackCOMMON 00073
Convert_2HB@hNib                     cstackBANK0  00027
Convert_2HB@iCount                   cstackBANK0  00029
Convert_2HB@lNib                     cstackBANK0  00028
Convert_HMS@iCount                   cstackBANK0  0002A
Convert_HMS@rClock                   cstackBANK0  0002E
Convert_YMD@F7967                    dataBANK4    00220
Convert_YMD@MonthTable               cstackBANK0  0002F
Convert_YMD@cDay                     cstackBANK0  00047
Convert_YMD@cMonth                   cstackBANK0  00048
Convert_YMD@cYear                    cstackBANK0  00049
Convert_YMD@i                        cstackBANK0  0004A
Convert_YMD@iCount                   cstackBANK0  0002A
Convert_YMD@rClock                   cstackBANK0  0002C
Covert_BDC_2_OCT@iBDC                cstackCOMMON 00079
Covert_Month_2_Day@CalResult         cstackBANK0  00038
Covert_Month_2_Day@F7991             dataBANK4    00238
Covert_Month_2_Day@MonthTable        cstackBANK0  00020
Covert_Month_2_Day@iMonth            cstackCOMMON 00072
Covert_Month_2_Day@loopi             cstackBANK0  0003A
DAC1_SetOutput@inputData             cstackCOMMON 00072
DATAEE_ReadByte@bAdd                 cstackCOMMON 00072
DATAEE_WriteByte@GIEBitValue         cstackCOMMON 00074
DATAEE_WriteByte@bAdd                cstackCOMMON 00073
DATAEE_WriteByte@bData               cstackCOMMON 00072
DS18B20_GetTemp@ack                  cstackBANK0  0002E
DS18B20_GetTemp@rTwoByte             cstackBANK0  0002F
DS18B20_GetTemp@vByteHi              cstackBANK0  00033
DS18B20_GetTemp@vByteLow             cstackBANK0  00032
DS18B20_GetTemp@xTemp                cstackBANK0  00030
DS18B20_Read@i                       cstackCOMMON 00077
DS18B20_Read@vByte                   cstackCOMMON 00076
DS18B20_Reset@vByte                  cstackCOMMON 00075
DS18B20_Write@i                      cstackCOMMON 00077
DS18B20_Write@vByte                  cstackCOMMON 00076
Decode_RS232_CMD@Adr                 cstackBANK0  0006B
Decode_RS232_CMD@BStr                cstackBANK0  0006D
Decode_RS232_CMD@Data                cstackBANK0  0006C
Decode_RS232_CMD@Strlen              cstackBANK0  00068
Delay100us@i                         cstackCOMMON 00074
Delay100us@s                         cstackCOMMON 00073
Delay480us@i                         cstackCOMMON 00074
Delay480us@s                         cstackCOMMON 00073
EUSART_Write@txData                  cstackCOMMON 00073
I2C_PAGE_WRITE@Check_Error           cstackBANK0  00031
I2C_PAGE_WRITE@Size                  cstackBANK0  0002A
I2C_PAGE_WRITE@i                     cstackBANK0  0002F
I2C_PAGE_WRITE@j                     cstackBANK0  00030
I2C_PAGE_WRITE@reg_addr_h            cstackBANK0  00028
I2C_PAGE_WRITE@reg_addr_l            cstackBANK0  00029
I2C_PAGE_WRITE@slave_addr            cstackBANK0  0002E
I2C_PAGE_WRITE@value                 cstackBANK0  0002B
I2C_READ_8BIT@acknowledge            cstackCOMMON 00073
I2C_READ_8BIT@i                      cstackCOMMON 00074
I2C_READ_8BIT@rSCL                   cstackCOMMON 00075
I2C_READ_8BIT@value                  cstackCOMMON 00076
I2C_Sequential_READ@Size             cstackBANK0  0002A
I2C_Sequential_READ@ack              cstackBANK0  0002E
I2C_Sequential_READ@i                cstackBANK0  00030
I2C_Sequential_READ@j                cstackBANK0  00031
I2C_Sequential_READ@reg_addr_h       cstackBANK0  00028
I2C_Sequential_READ@reg_addr_l       cstackBANK0  00029
I2C_Sequential_READ@slave_addr       cstackBANK0  0002F
I2C_Sequential_READ@value            cstackBANK0  0002B
I2C_TEST_02@Check_Error              cstackBANK0  00058
I2C_TEST_02@F8059                    dataBANK3    001C8
I2C_TEST_02@SID                      cstackBANK0  00057
I2C_TEST_02@i                        cstackBANK0  0005A
I2C_TEST_02@i2cAddr_h                cstackBANK0  0005B
I2C_TEST_02@i2cAddr_l                cstackBANK0  00059
I2C_TEST_02@i2cData                  cstackBANK0  00037
I2C_TEST_02@i2cReadBuffer            cstackBANK0  00047
I2C_WRITE_8BIT@ack                   cstackCOMMON 00075
I2C_WRITE_8BIT@i                     cstackCOMMON 00074
I2C_WRITE_8BIT@value                 cstackCOMMON 00073
I2C_mREAD@Size                       cstackCOMMON 00077
I2C_mREAD@ack                        cstackBANK0  00024
I2C_mREAD@i                          cstackBANK0  00023
I2C_mREAD@j                          cstackBANK0  00026
I2C_mREAD@rSCL                       cstackBANK0  00022
I2C_mREAD@slave_addr                 cstackCOMMON 00078
I2C_mREAD@value                      cstackBANK0  00025
I2C_mWrite@Check_Error               cstackBANK0  00025
I2C_mWrite@Size                      cstackCOMMON 00078
I2C_mWrite@i                         cstackBANK0  00023
I2C_mWrite@j                         cstackBANK0  00024
I2C_mWrite@slave_addr                cstackCOMMON 00079
I2C_mWrite@value                     cstackCOMMON 00076
PIC_SYNC_ADO_RTC@cDay                cstackBANK0  00049
PIC_SYNC_ADO_RTC@cHour               cstackBANK0  0004B
PIC_SYNC_ADO_RTC@cMin                cstackBANK0  0004F
PIC_SYNC_ADO_RTC@cMonth              cstackBANK0  00053
PIC_SYNC_ADO_RTC@cSec                cstackBANK0  00047
PIC_SYNC_ADO_RTC@cYear               cstackBANK0  00051
PIC_SYNC_ADO_RTC@i                   cstackBANK0  00055
PIC_SYNC_ADO_ULSR@i                  cstackBANK0  00030
Print_BreakLine@loopA                cstackCOMMON 00074
Print_HEX2Str@Chgln                  cstackCOMMON 00077
Print_HEX2Str@HexCal                 cstackBANK0  00026
Print_HEX2Str@InputVol               cstackBANK0  00024
Print_HEX2Str@wOneByte               cstackBANK0  00025
Print_HMS@rClock                     cstackBANK0  00024
Print_String@BStr                    cstackCOMMON 00074
Print_String@Data                    cstackBANK0  00022
Print_String@chln                    cstackCOMMON 00076
Print_String@loopA                   cstackBANK0  00020
Print_YMD@rClock                     cstackBANK0  00024
Print_uint16Str@CalVol               cstackBANK0  00027
Print_uint16Str@Chgln                cstackBANK0  00022
Print_uint16Str@Chk19                cstackBANK0  00024
Print_uint16Str@DIVA                 cstackBANK0  00029
Print_uint16Str@InputVol             cstackBANK0  00020
Print_uint16Str@loopA                cstackBANK0  00025
Print_uint16Str@wOneByte             cstackBANK0  0002B
RUN_MESURE@AVG100                    cstackBANK0  0003E
RUN_MESURE@F7899                     dataBANK6    00320
RUN_MESURE@F7902                     dataBANK3    001D8
RUN_MESURE@WhatStrip                 cstackBANK0  00044
RUN_MESURE@lpi                       cstackBANK0  00042
RUN_MESURE@setup_3t8                 cstackBANK0  0002E
RUN_MESURE@setup_table               cstackBANK1  000A0
RUN_MESURE@tpWhatADC                 cstackBANK0  0003D
STR2HEX@BStr                         cstackCOMMON 00078
STR2HEX@NumPoint                     cstackCOMMON 00074
TMR0_ISR@CountCallBack               bssBANK2     0013C
TMR2_ISR@CountCallBack               bssBANK2     0013E
UPLOAD_MESURE_REC@BufferString       cstackBANK0  0004E
UPLOAD_MESURE_REC@F7910              dataBANK5    002A0
UPLOAD_MESURE_REC@LoopA              cstackBANK0  0004D
_ADCON0                              (abs)        0009D
_ADCON0bits                          (abs)        0009D
_ADCON1                              (abs)        0009E
_ADCON2                              (abs)        0009F
_ADC_GetConversion                   text48       01A07
_ADC_Initialize                      text13       0193F
_ADC_Vol                             bssCOMMON    0007A
_ADC_Vol_cal                         bssBANK2     00138
_ADC_Volm                            bssBANK2     00140
_ADRESH                              (abs)        0009C
_ADRESL                              (abs)        0009B
_ANSB0                               (abs)        00C68
_ANSELA                              (abs)        0018C
_ANSELB                              (abs)        0018D
_ANSELC                              (abs)        0018E
_ANSELD                              (abs)        0018F
_ANSELE                              (abs)        00190
_APFCON1                             (abs)        0011D
_APFCON2                             (abs)        0011C
_ASCII_OCT2HEX                       text40       01BAE
_BAUD1CON                            (abs)        0019F
_BufferGetTemp                       bssBANK2     0015D
_BufferLenght                        bssBANK2     0014A
_BufferRec                           bssBANK3     001A8
_BufferStr                           bssBANK4     00250
_CheckOneSecFlag                     text71       01924
_CheckRxOneByteFlag                  text70       0192D
_Check_1MSFlag                       text69       01936
_Convert_2HB                         text29       01D19
_Convert_HMS                         text27       016C9
_Convert_YMD                         text26       015E2
_Covert_BDC_2_OCT                    text18       01AC9
_Covert_Month_2_Day                  text17       01D4D
_DAC1CON0                            (abs)        00118
_DAC1CON1                            (abs)        00119
_DAC1_Initialize                     text12       018FF
_DAC1_SetOutput                      text47       018FA
_DATAEE_ReadByte                     text68       01954
_DATAEE_WriteByte                    text67       01A72
_DS18B20_GetTemp                     text33       00890
_DS18B20_Read                        text37       01BD4
_DS18B20_Reset                       text35       019DC
_DS18B20_Write                       text34       01C54
_Decode_RS232_CMD                    text19       00099
_Delay100us                          text38       01988
_Delay480us                          text36       01997
_Delay5us                            text66       00002
_EEADRH                              (abs)        00192
_EEADRL                              (abs)        00191
_EECON1bits                          (abs)        00195
_EECON2                              (abs)        00196
_EEDATH                              (abs)        00194
_EEDATL                              (abs)        00193
_EUSART_Initialize                   text11       01A56
_EUSART_Receive_ISR                  text78       01B05
_EUSART_Transmit_ISR                 text77       01B25
_EUSART_Write                        text60       01B66
_ErrorFlag                           bssBANK2     0014B
_FVRCON                              (abs)        00117
_FVRCONbits                          (abs)        00117
_FVR_Initialize                      text10       018EA
_FirstTimeSetup                      bssBANK2     0014C
_FlagOneSec                          bssBANK2     0014D
_FlagRxByte                          bssBANK2     0014E
_Flag_1MS                            bssBANK2     0014F
_Flag_Mesure_Test                    bssBANK1     000E3
_Flag_RxStr                          bssBANK2     00150
_I2C_Dealy_1                         text65       01904
_I2C_Dealy_2                         text64       018DC
_I2C_PAGE_WRITE                      text56       01576
_I2C_READ_8BIT                       text55       01339
_I2C_START_BIT                       text63       0196C
_I2C_STOP_BIT                        text62       01979
_I2C_Sequential_READ                 text54       0150F
_I2C_TEST_02                         text52       00802
_I2C_TEST_10                         text49       007A9
_I2C_WRITE_8BIT                      text61       01DBD
_I2C_mREAD                           text51       01E3E
_I2C_mWrite                          text50       01E83
_INTCONbits                          (abs)        0000B
_INTERRUPT_InterruptManager          intentry     00004
_LATA                                (abs)        0010C
_LATA2                               (abs)        00862
_LATA4                               (abs)        00864
_LATA6                               (abs)        00866
_LATA7                               (abs)        00867
_LATB                                (abs)        0010D
_LATB5                               (abs)        0086D
_LATC                                (abs)        0010E
_LATC0                               (abs)        00870
_LATC1                               (abs)        00871
_LATC2                               (abs)        00872
_LATC3                               (abs)        00873
_LATC4                               (abs)        00874
_LATC5                               (abs)        00875
_LATD                                (abs)        0010F
_LATD3                               (abs)        0087B
_LATD4                               (abs)        0087C
_LATD6                               (abs)        0087E
_LATD7                               (abs)        0087F
_LATE                                (abs)        00110
_LATE0                               (abs)        00880
_LATE1                               (abs)        00881
_LATE2                               (abs)        00882
_LoopA                               bssBANK1     000E4
_Loop_Mesure_Test                    bssBANK2     00151
_MES_TDS_FLAG                        bssBANK2     00153
_MT_LoopTime                         bssBANK1     000EE
_MT_SecTime                          bssBANK2     00142
_NUL_SecCount                        dataBANK2    0015F
_NUL_SecCount_offset                 dataBANK2    00163
_OPA1CON                             (abs)        00511
_OPA1_Initialize                     text9        018EE
_OPA2CON                             (abs)        00513
_OPA2_Initialize                     text8        018F2
_OPA3CON                             (abs)        00515
_OPA3_Initialize                     text7        018F6
_OPTION_REG                          (abs)        00095
_OPTION_REGbits                      (abs)        00095
_OSCCON                              (abs)        00099
_OSCILLATOR_Initialize               text6        0190A
_OSCSTAT                             (abs)        0009A
_OSCTUNE                             (abs)        00098
_OneCount_MT                         bssBANK2     00146
_PIC_SYNC_ADO_RTC                    text15       00945
_PIC_SYNC_ADO_ULSR                   text14       01762
_PIE1bits                            (abs)        00091
_PIN_MANAGER_Initialize              text5        01D85
_PIR1bits                            (abs)        00011
_PR2                                 (abs)        0001B
_PWM_1MS_COUNT                       bssBANK1     000E5
_Print_BreakLine                     text32       01AAC
_Print_CHLN                          text59       0191C
_Print_HEX2Str                       text57       01F0D
_Print_HMS                           text25       0138E
_Print_String                        text53       01B8A
_Print_YMD                           text24       014AA
_Print_uint16Str                     text44       01655
_RC1REG                              (abs)        00199
_RC1STA                              (abs)        0019D
_RC1STAbits                          (abs)        0019D
_RC3                                 (abs)        00073
_RC4                                 (abs)        00074
_RD4                                 (abs)        0007C
_RD5                                 (abs)        0007D
_REC_METER_VAL                       bssBANK2     00120
_RTC_Clock                           bssBANK2     00157
_RTC_DayCount                        bssBANK2     00148
_RTC_SecCount                        bssBANK1     000DF
_RUN_MESURE                          text41       00AAB
_RUN_PWM_FLAG                        bssBANK1     000E6
_SP1BRGH                             (abs)        0019C
_SP1BRGL                             (abs)        0019B
_SR_0xA0_ADO_Error                   bssBANK1     000E7
_SR_0xA1_ADO_Request                 bssBANK1     000E8
_STR2HEX                             text39       01A8F
_SYSTEM_Initialize                   text1        01B45
_T2CON                               (abs)        0001C
_T2CONbits                           (abs)        0001C
_TEST_PIC_ALL                        text22       01C26
_TMR0                                (abs)        00015
_TMR0_CallBack                       text76       018E2
_TMR0_ISR                            text75       019F0
_TMR0_Initialize                     text4        019A6
_TMR2                                (abs)        0001A
_TMR2_CallBack                       text74       018E6
_TMR2_ISR                            text73       019C8
_TMR2_Initialize                     text2        01960
_TMR2_StartTimer                     text3        018DF
_TRISA                               (abs)        0008C
_TRISB                               (abs)        0008D
_TRISC                               (abs)        0008E
_TRISC3                              (abs)        00473
_TRISC4                              (abs)        00474
_TRISD                               (abs)        0008F
_TRISD4                              (abs)        0047C
_TRISE                               (abs)        00090
_TX1REG                              (abs)        0019A
_TX1STA                              (abs)        0019E
_UPLOAD_MESURE_REC                   text21       006C4
_WPUA                                (abs)        0020C
_WPUB                                (abs)        0020D
_WPUC                                (abs)        0020E
_WPUD                                (abs)        0020F
_WPUE                                (abs)        00210
__CFG_BOREN$ON                       (abs)        00000
__CFG_BORV$LO                        (abs)        00000
__CFG_CLKOUTEN$OFF                   (abs)        00000
__CFG_CP$OFF                         (abs)        00000
__CFG_CPD$OFF                        (abs)        00000
__CFG_FCMEN$ON                       (abs)        00000
__CFG_FOSC$INTOSC                    (abs)        00000
__CFG_IESO$ON                        (abs)        00000
__CFG_LPBOR$OFF                      (abs)        00000
__CFG_LVP$OFF                        (abs)        00000
__CFG_MCLRE$ON                       (abs)        00000
__CFG_PLLEN$ON                       (abs)        00000
__CFG_PWRTE$OFF                      (abs)        00000
__CFG_STVREN$ON                      (abs)        00000
__CFG_VCAPEN$OFF                     (abs)        00000
__CFG_WDTE$OFF                       (abs)        00000
__CFG_WRT$OFF                        (abs)        00000
__Habs1                              abs1         00000
__Hbank0                             bank0        00000
__Hbank1                             bank1        00000
__Hbank10                            bank10       00000
__Hbank11                            bank11       00000
__Hbank12                            bank12       00000
__Hbank13                            bank13       00000
__Hbank14                            bank14       00000
__Hbank15                            bank15       00000
__Hbank16                            bank16       00000
__Hbank17                            bank17       00000
__Hbank18                            bank18       00000
__Hbank19                            bank19       00000
__Hbank2                             bank2        00000
__Hbank20                            bank20       00000
__Hbank21                            bank21       00000
__Hbank22                            bank22       00000
__Hbank23                            bank23       00000
__Hbank24                            bank24       00000
__Hbank25                            bank25       00000
__Hbank26                            bank26       00000
__Hbank27                            bank27       00000
__Hbank28                            bank28       00000
__Hbank29                            bank29       00000
__Hbank3                             bank3        00000
__Hbank30                            bank30       00000
__Hbank31                            bank31       00000
__Hbank4                             bank4        00000
__Hbank5                             bank5        00000
__Hbank6                             bank6        00000
__Hbank7                             bank7        00000
__Hbank8                             bank8        00000
__Hbank9                             bank9        00000
__Hbigram                            bigram       00000
__HbssBANK1                          bssBANK1     00000
__HbssBANK2                          bssBANK2     00000
__HbssBANK3                          bssBANK3     00000
__HbssBANK4                          bssBANK4     00000
__HbssCOMMON                         bssCOMMON    00000
__Hcinit                             cinit        00099
__Hclrtext                           clrtext      00000
__Hcode                              code         00000
__Hcommon                            common       00000
__Hconfig                            config       08009
__HcstackBANK0                       cstackBANK0  00000
__HcstackBANK1                       cstackBANK1  00000
__HcstackBANK2                       cstackBANK2  00000
__HcstackCOMMON                      cstackCOMMON 00000
__HdataBANK1                         dataBANK1    00000
__HdataBANK2                         dataBANK2    00000
__HdataBANK3                         dataBANK3    00000
__HdataBANK4                         dataBANK4    00000
__HdataBANK5                         dataBANK5    00000
__HdataBANK6                         dataBANK6    00000
__Heeprom_data                       eeprom_data  00000
__Hend_init                          end_init     00033
__Hfunctab                           functab      00000
__HidataBANK1                        idataBANK1   00000
__HidataBANK2                        idataBANK2   00000
__HidataBANK3                        idataBANK3   00000
__HidataBANK4                        idataBANK4   00000
__HidataBANK5                        idataBANK5   00000
__HidataBANK6                        idataBANK6   00000
__Hidloc                             idloc        00000
__Hinit                              init         00031
__Hinittext                          inittext     00000
__Hintentry                          intentry     00031
__Hmaintext                          maintext     00000
__HnvBANK2                           nvBANK2      00000
__Hpowerup                           powerup      00000
__Hram                               ram          00000
__Hreset_vec                         reset_vec    00002
__Hsfr0                              sfr0         00000
__Hsfr1                              sfr1         00000
__Hsfr10                             sfr10        00000
__Hsfr11                             sfr11        00000
__Hsfr12                             sfr12        00000
__Hsfr13                             sfr13        00000
__Hsfr14                             sfr14        00000
__Hsfr15                             sfr15        00000
__Hsfr16                             sfr16        00000
__Hsfr17                             sfr17        00000
__Hsfr18                             sfr18        00000
__Hsfr19                             sfr19        00000
__Hsfr2                              sfr2         00000
__Hsfr20                             sfr20        00000
__Hsfr21                             sfr21        00000
__Hsfr22                             sfr22        00000
__Hsfr23                             sfr23        00000
__Hsfr24                             sfr24        00000
__Hsfr25                             sfr25        00000
__Hsfr26                             sfr26        00000
__Hsfr27                             sfr27        00000
__Hsfr28                             sfr28        00000
__Hsfr29                             sfr29        00000
__Hsfr3                              sfr3         00000
__Hsfr30                             sfr30        00000
__Hsfr31                             sfr31        00000
__Hsfr4                              sfr4         00000
__Hsfr5                              sfr5         00000
__Hsfr6                              sfr6         00000
__Hsfr7                              sfr7         00000
__Hsfr8                              sfr8         00000
__Hsfr9                              sfr9         00000
__Hspace_0                           (abs)        08009
__Hspace_1                           (abs)        0035F
__Hspace_2                           (abs)        00000
__Hspace_3                           (abs)        00000
__Hstack                             stack        00000
__Hstrings                           strings      00000
__Hstringtext                        stringtext   00000
__Htext                              text         00000
__Labs1                              abs1         00000
__Lbank0                             bank0        00000
__Lbank1                             bank1        00000
__Lbank10                            bank10       00000
__Lbank11                            bank11       00000
__Lbank12                            bank12       00000
__Lbank13                            bank13       00000
__Lbank14                            bank14       00000
__Lbank15                            bank15       00000
__Lbank16                            bank16       00000
__Lbank17                            bank17       00000
__Lbank18                            bank18       00000
__Lbank19                            bank19       00000
__Lbank2                             bank2        00000
__Lbank20                            bank20       00000
__Lbank21                            bank21       00000
__Lbank22                            bank22       00000
__Lbank23                            bank23       00000
__Lbank24                            bank24       00000
__Lbank25                            bank25       00000
__Lbank26                            bank26       00000
__Lbank27                            bank27       00000
__Lbank28                            bank28       00000
__Lbank29                            bank29       00000
__Lbank3                             bank3        00000
__Lbank30                            bank30       00000
__Lbank31                            bank31       00000
__Lbank4                             bank4        00000
__Lbank5                             bank5        00000
__Lbank6                             bank6        00000
__Lbank7                             bank7        00000
__Lbank8                             bank8        00000
__Lbank9                             bank9        00000
__Lbigram                            bigram       00000
__LbssBANK1                          bssBANK1     00000
__LbssBANK2                          bssBANK2     00000
__LbssBANK3                          bssBANK3     00000
__LbssBANK4                          bssBANK4     00000
__LbssCOMMON                         bssCOMMON    00000
__Lcinit                             cinit        00033
__Lclrtext                           clrtext      00000
__Lcode                              code         00000
__Lcommon                            common       00000
__Lconfig                            config       08007
__LcstackBANK0                       cstackBANK0  00000
__LcstackBANK1                       cstackBANK1  00000
__LcstackBANK2                       cstackBANK2  00000
__LcstackCOMMON                      cstackCOMMON 00000
__LdataBANK1                         dataBANK1    00000
__LdataBANK2                         dataBANK2    00000
__LdataBANK3                         dataBANK3    00000
__LdataBANK4                         dataBANK4    00000
__LdataBANK5                         dataBANK5    00000
__LdataBANK6                         dataBANK6    00000
__Leeprom_data                       eeprom_data  00000
__Lend_init                          end_init     00031
__Lfunctab                           functab      00000
__LidataBANK1                        idataBANK1   00000
__LidataBANK2                        idataBANK2   00000
__LidataBANK3                        idataBANK3   00000
__LidataBANK4                        idataBANK4   00000
__LidataBANK5                        idataBANK5   00000
__LidataBANK6                        idataBANK6   00000
__Lidloc                             idloc        00000
__Linit                              init         00031
__Linittext                          inittext     00000
__Lintentry                          intentry     00004
__Lmaintext                          maintext     00000
__LnvBANK2                           nvBANK2      00000
__Lpowerup                           powerup      00000
__Lram                               ram          00000
__Lreset_vec                         reset_vec    00000
__Lsfr0                              sfr0         00000
__Lsfr1                              sfr1         00000
__Lsfr10                             sfr10        00000
__Lsfr11                             sfr11        00000
__Lsfr12                             sfr12        00000
__Lsfr13                             sfr13        00000
__Lsfr14                             sfr14        00000
__Lsfr15                             sfr15        00000
__Lsfr16                             sfr16        00000
__Lsfr17                             sfr17        00000
__Lsfr18                             sfr18        00000
__Lsfr19                             sfr19        00000
__Lsfr2                              sfr2         00000
__Lsfr20                             sfr20        00000
__Lsfr21                             sfr21        00000
__Lsfr22                             sfr22        00000
__Lsfr23                             sfr23        00000
__Lsfr24                             sfr24        00000
__Lsfr25                             sfr25        00000
__Lsfr26                             sfr26        00000
__Lsfr27                             sfr27        00000
__Lsfr28                             sfr28        00000
__Lsfr29                             sfr29        00000
__Lsfr3                              sfr3         00000
__Lsfr30                             sfr30        00000
__Lsfr31                             sfr31        00000
__Lsfr4                              sfr4         00000
__Lsfr5                              sfr5         00000
__Lsfr6                              sfr6         00000
__Lsfr7                              sfr7         00000
__Lsfr8                              sfr8         00000
__Lsfr9                              sfr9         00000
__Lspace_0                           (abs)        00000
__Lspace_1                           (abs)        00000
__Lspace_2                           (abs)        00000
__Lspace_3                           (abs)        00000
__Lstack                             stack        00000
__Lstrings                           strings      00000
__Lstringtext                        stringtext   00000
__Ltext                              text         00000
__S0                                 (abs)        08009
__S1                                 (abs)        0035F
__S2                                 (abs)        00000
__S3                                 (abs)        00000
___awdiv                             text58       01F5B
___awdiv@counter                     cstackBANK0  00020
___awdiv@dividend                    cstackCOMMON 00074
___awdiv@divisor                     cstackCOMMON 00072
___awdiv@quotient                    cstackBANK0  00022
___awdiv@sign                        cstackBANK0  00021
___awmod                             text30       01EC8
___awmod@counter                     cstackCOMMON 00077
___awmod@dividend                    cstackCOMMON 00074
___awmod@divisor                     cstackCOMMON 00072
___awmod@sign                        cstackCOMMON 00078
___bmul                              text43       019B6
___bmul@multiplicand                 cstackCOMMON 00077
___bmul@multiplier                   cstackBANK0  00025
___bmul@product                      cstackBANK0  00024
___int_sp                            stack        00000
___latbits                           (abs)        00003
___lldiv                             text42       01FAD
___lldiv@counter                     cstackBANK0  00025
___lldiv@dividend                    cstackCOMMON 00076
___lldiv@divisor                     cstackCOMMON 00072
___lldiv@quotient                    cstackBANK0  00021
___llmod                             text28       01DFB
___llmod@counter                     cstackBANK0  00021
___llmod@dividend                    cstackCOMMON 00076
___llmod@divisor                     cstackCOMMON 00072
___lmul                              text16       01CB3
___lmul@multiplicand                 cstackCOMMON 00076
___lmul@multiplier                   cstackCOMMON 00072
___lmul@product                      cstackBANK0  00020
___lwdiv                             text46       01CE5
___lwdiv@counter                     cstackCOMMON 00079
___lwdiv@dividend                    cstackCOMMON 00074
___lwdiv@divisor                     cstackCOMMON 00072
___lwdiv@quotient                    cstackCOMMON 00077
___lwmod                             text45       01BFA
___lwmod@counter                     cstackCOMMON 00077
___lwmod@dividend                    cstackCOMMON 00074
___lwmod@divisor                     cstackCOMMON 00072
___sp                                stack        00000
___wmul                              text20       01A3B
___wmul@multiplicand                 cstackCOMMON 00074
___wmul@multiplier                   cstackCOMMON 00072
___wmul@product                      cstackCOMMON 00076
__end_of_ADC_GetConversion           text48       01A21
__end_of_ADC_Initialize              text13       01949
__end_of_ASCII_OCT2HEX               text40       01BD4
__end_of_CheckOneSecFlag             text71       0192D
__end_of_CheckRxOneByteFlag          text70       01936
__end_of_Check_1MSFlag               text69       0193F
__end_of_Convert_2HB                 text29       01D4D
__end_of_Convert_HMS                 text27       01762
__end_of_Convert_YMD                 text26       01655
__end_of_Covert_BDC_2_OCT            text18       01AE6
__end_of_Covert_Month_2_Day          text17       01D85
__end_of_DAC1_Initialize             text12       01904
__end_of_DAC1_SetOutput              text47       018FF
__end_of_DATAEE_ReadByte             text68       01960
__end_of_DATAEE_WriteByte            text67       01A8F
__end_of_DS18B20_GetTemp             text33       00945
__end_of_DS18B20_Read                text37       01BFA
__end_of_DS18B20_Reset               text35       019F0
__end_of_DS18B20_Write               text34       01C83
__end_of_Decode_RS232_CMD            text19       006C4
__end_of_Delay100us                  text38       01997
__end_of_Delay480us                  text36       019A6
__end_of_Delay5us                    text66       00003
__end_of_EUSART_Initialize           text11       01A72
__end_of_EUSART_Receive_ISR          text78       01B25
__end_of_EUSART_Transmit_ISR         text77       01B45
__end_of_EUSART_Write                text60       01B8A
__end_of_FVR_Initialize              text10       018EE
__end_of_I2C_Dealy_1                 text65       0190A
__end_of_I2C_Dealy_2                 text64       018DF
__end_of_I2C_PAGE_WRITE              text56       015E2
__end_of_I2C_READ_8BIT               text55       0138E
__end_of_I2C_START_BIT               text63       01979
__end_of_I2C_STOP_BIT                text62       01988
__end_of_I2C_Sequential_READ         text54       01576
__end_of_I2C_TEST_02                 text52       00890
__end_of_I2C_TEST_10                 text49       00800
__end_of_I2C_WRITE_8BIT              text61       01DFB
__end_of_I2C_mREAD                   text51       01E83
__end_of_I2C_mWrite                  text50       01EC8
__end_of_INTERRUPT_InterruptManager  intentry     00031
__end_of_OPA1_Initialize             text9        018F2
__end_of_OPA2_Initialize             text8        018F6
__end_of_OPA3_Initialize             text7        018FA
__end_of_OSCILLATOR_Initialize       text6        01910
__end_of_PIC_SYNC_ADO_RTC            text15       00AAB
__end_of_PIC_SYNC_ADO_ULSR           text14       01800
__end_of_PIN_MANAGER_Initialize      text5        01DBD
__end_of_Print_BreakLine             text32       01AC9
__end_of_Print_CHLN                  text59       01924
__end_of_Print_HEX2Str               text57       01F5B
__end_of_Print_HMS                   text25       013EA
__end_of_Print_String                text53       01BAE
__end_of_Print_YMD                   text24       0150F
__end_of_Print_uint16Str             text44       016C9
__end_of_RUN_MESURE                  text41       00CA5
__end_of_STR2HEX                     text39       01AAC
__end_of_SYSTEM_Initialize           text1        01B66
__end_of_TEST_PIC_ALL                text22       01C54
__end_of_TMR0_CallBack               text76       018E6
__end_of_TMR0_ISR                    text75       01A07
__end_of_TMR0_Initialize             text4        019B6
__end_of_TMR2_CallBack               text74       018EA
__end_of_TMR2_ISR                    text73       019DC
__end_of_TMR2_Initialize             text2        0196C
__end_of_TMR2_StartTimer             text3        018E2
__end_of_UPLOAD_MESURE_REC           text21       007A9
__end_of___awdiv                     text58       01FAD
__end_of___awmod                     text30       01F0D
__end_of___bmul                      text43       019C8
__end_of___lldiv                     text42       02000
__end_of___llmod                     text28       01E3E
__end_of___lmul                      text16       01CE5
__end_of___lwdiv                     text46       01D19
__end_of___lwmod                     text45       01C26
__end_of___wmul                      text20       01A56
__end_of__initialization             cinit        00095
__end_of_check_ADO_I2C               text31       014AA
__end_of_main                        maintext     01000
__end_of_print_RTC                   text23       01449
__initialization                     cinit        00033
__pbssBANK1                          bssBANK1     000DF
[...]
      Params:         0       0       0       0       0       0       0       0       0       0       0       0       0       0       0       0       0       0       0       0       0       0       0       0       0       0       0
      Locals:         0       0       0       0       0       0       0       0       0       0       0       0       0       0       0       0       0       0       0       0       0       0       0       0       0       0       0
      Temps:          0       0       0       0       0       0       0       0       0       0       0       0       0       0       0       0       0       0       0       0       0       0       0       0       0       0       0
      Totals:         0       0       0       0       0       0       0       0       0       0       0       0       0       0       0       0       0       0       0       0       0       0       0       0       0       0       0
Total ram usage:        0 bytes
 Hardware stack levels used:    1
 Hardware stack levels required when called:    3
 This function calls:
		Nothing
 This function is called by:
		_main
 This function uses a non-reentrant model


 *************** function _INTERRUPT_InterruptManager *****************
 Defined at:
		line 52 in file "mcc_generated_files/interrupt_manager.c"
 Parameters:    Size  Location     Type
		None
 Auto vars:     Size  Location     Type
		None
 Return value:  Size  Location     Type
		None               void
 Registers used:
		wreg, fsr1l, fsr1h, status,2, status,0, pclath, cstack
 Tracked objects:
		On entry : 
		On exit  : 
		Unchanged: 
 Data sizes:     COMMON   BANK0   BANK1   BANK2   BANK3   BANK4   BANK5   BANK6   BANK7   BANK8   BANK9  BANK10  BANK11  BANK12  BANK13  BANK14  BANK15  BANK16  BANK17  BANK18  BANK19  BANK20  BANK21  BANK22  BANK23  BANK24  BANK25
      Params:         0       0       0       0       0       0       0       0       0       0       0       0       0       0       0       0       0       0       0       0       0       0       0       0       0       0       0
      Locals:         0       0       0       0       0       0       0       0       0       0       0       0       0       0       0       0       0       0       0       0       0       0       0       0       0       0       0
      Temps:          1       0       0       0       0       0       0       0       0       0       0       0       0       0       0       0       0       0       0       0       0       0       0       0       0       0       0
      Totals:         1       0       0       0       0       0       0       0       0       0       0       0       0       0       0       0       0       0       0       0       0       0       0       0       0       0       0
Total ram usage:        1 bytes
 Hardware stack levels used:    1
 Hardware stack levels required when called:    2
 This function calls:
		_EUSART_Receive_ISR
		_EUSART_Transmit_ISR
		_TMR0_ISR
		_TMR2_ISR
 This function is called by:
		Interrupt level 1
 This function uses a non-reentrant model


 *************** function _TMR2_ISR *****************
 Defined at:
		line 107 in file "mcc_generated_files/tmr2.c"
 Parameters:    Size  Location     Type
		None
 Auto vars:     Size  Location     Type
		None
 Return value:  Size  Location     Type
		None               void
 Registers used:
		wreg, status,2, status,0, pclath, cstack
 Tracked objects:
		On entry : 
		On exit  : 
		Unchanged: 
 Data sizes:     COMMON   BANK0   BANK1   BANK2   BANK3   BANK4   BANK5   BANK6   BANK7   BANK8   BANK9  BANK10  BANK11  BANK12  BANK13  BANK14  BANK15  BANK16  BANK17  BANK18  BANK19  BANK20  BANK21  BANK22  BANK23  BANK24  BANK25
      Params:         0       0       0       0       0       0       0       0       0       0       0       0       0       0       0       0       0       0       0       0       0       0       0       0       0       0       0
      Locals:         0       0       0       0       0       0       0       0       0       0       0       0       0       0       0       0       0       0       0       0       0       0       0       0       0       0       0
      Temps:          0       0       0       0       0       0       0       0       0       0       0       0       0       0       0       0       0       0       0       0       0       0       0       0       0       0       0
      Totals:         0       0       0       0       0       0       0       0       0       0       0       0       0       0       0       0       0       0       0       0       0       0       0       0       0       0       0
Total ram usage:        0 bytes
 Hardware stack levels used:    1
 Hardware stack levels required when called:    1
 This function calls:
		_TMR2_CallBack
 This function is called by:
		_INTERRUPT_InterruptManager
 This function uses a non-reentrant model


 *************** function _TMR2_CallBack *****************
 Defined at:
		line 125 in file "mcc_generated_files/tmr2.c"
 Parameters:    Size  Location     Type
		None
 Auto vars:     Size  Location     Type
		None
 Return value:  Size  Location     Type
		None               void
 Registers used:
		None
 Tracked objects:
		On entry : 
		On exit  : 
		Unchanged: 
 Data sizes:     COMMON   BANK0   BANK1   BANK2   BANK3   BANK4   BANK5   BANK6   BANK7   BANK8   BANK9  BANK10  BANK11  BANK12  BANK13  BANK14  BANK15  BANK16  BANK17  BANK18  BANK19  BANK20  BANK21  BANK22  BANK23  BANK24  BANK25
      Params:         0       0       0       0       0       0       0       0       0       0       0       0       0       0       0       0       0       0       0       0       0       0       0       0       0       0       0
      Locals:         0       0       0       0       0       0       0       0       0       0       0       0       0       0       0       0       0       0       0       0       0       0       0       0       0       0       0
      Temps:          0       0       0       0       0       0       0       0       0       0       0       0       0       0       0       0       0       0       0       0       0       0       0       0       0       0       0
      Totals:         0       0       0       0       0       0       0       0       0       0       0       0       0       0       0       0       0       0       0       0       0       0       0       0       0       0       0
Total ram usage:        0 bytes
 Hardware stack levels used:    1
 This function calls:
		Nothing
 This function is called by:
		_TMR2_ISR
 This function uses a non-reentrant model


 *************** function _TMR0_ISR *****************
 Defined at:
		line 102 in file "mcc_generated_files/tmr0.c"
 Parameters:    Size  Location     Type
		None
 Auto vars:     Size  Location     Type
		None
 Return value:  Size  Location     Type
		None               void
 Registers used:
		wreg, status,2, status,0, pclath, cstack
 Tracked objects:
		On entry : 
		On exit  : 
		Unchanged: 
 Data sizes:     COMMON   BANK0   BANK1   BANK2   BANK3   BANK4   BANK5   BANK6   BANK7   BANK8   BANK9  BANK10  BANK11  BANK12  BANK13  BANK14  BANK15  BANK16  BANK17  BANK18  BANK19  BANK20  BANK21  BANK22  BANK23  BANK24  BANK25
      Params:         0       0       0       0       0       0       0       0       0       0       0       0       0       0       0       0       0       0       0       0       0       0       0       0       0       0       0
      Locals:         0       0       0       0       0       0       0       0       0       0       0       0       0       0       0       0       0       0       0       0       0       0       0       0       0       0       0
      Temps:          0       0       0       0       0       0       0       0       0       0       0       0       0       0       0       0       0       0       0       0       0       0       0       0       0       0       0
      Totals:         0       0       0       0       0       0       0       0       0       0       0       0       0       0       0       0       0       0       0       0       0       0       0       0       0       0       0
Total ram usage:        0 bytes
 Hardware stack levels used:    1
 Hardware stack levels required when called:    1
 This function calls:
		_TMR0_CallBack
 This function is called by:
		_INTERRUPT_InterruptManager
 This function uses a non-reentrant model


 *************** function _TMR0_CallBack *****************
 Defined at:
		line 122 in file "mcc_generated_files/tmr0.c"
 Parameters:    Size  Location     Type
		None
 Auto vars:     Size  Location     Type
		None
 Return value:  Size  Location     Type
		None               void
 Registers used:
		None
 Tracked objects:
		On entry : 
		On exit  : 
		Unchanged: 
 Data sizes:     COMMON   BANK0   BANK1   BANK2   BANK3   BANK4   BANK5   BANK6   BANK7   BANK8   BANK9  BANK10  BANK11  BANK12  BANK13  BANK14  BANK15  BANK16  BANK17  BANK18  BANK19  BANK20  BANK21  BANK22  BANK23  BANK24  BANK25
      Params:         0       0       0       0       0       0       0       0       0       0       0       0       0       0       0       0       0       0       0       0       0       0       0       0       0       0       0
      Locals:         0       0       0       0       0       0       0       0       0       0       0       0       0       0       0       0       0       0       0       0       0       0       0       0       0       0       0
      Temps:          0       0       0       0       0       0       0       0       0       0       0       0       0       0       0       0       0       0       0       0       0       0       0       0       0       0       0
      Totals:         0       0       0       0       0       0       0       0       0       0       0       0       0       0       0       0       0       0       0       0       0       0       0       0       0       0       0
Total ram usage:        0 bytes
 Hardware stack levels used:    1
 This function calls:
		Nothing
 This function is called by:
		_TMR0_ISR
 This function uses a non-reentrant model


 *************** function _EUSART_Transmit_ISR *****************
 Defined at:
		line 149 in file "mcc_generated_files/eusart.c"
 Parameters:    Size  Location     Type
		None
 Auto vars:     Size  Location     Type
		None
 Return value:  Size  Location     Type
		None               void
 Registers used:
		wreg, fsr1l, fsr1h, status,2, status,0
 Tracked objects:
		On entry : 
		On exit  : 
		Unchanged: 
 Data sizes:     COMMON   BANK0   BANK1   BANK2   BANK3   BANK4   BANK5   BANK6   BANK7   BANK8   BANK9  BANK10  BANK11  BANK12  BANK13  BANK14  BANK15  BANK16  BANK17  BANK18  BANK19  BANK20  BANK21  BANK22  BANK23  BANK24  BANK25
      Params:         0       0       0       0       0       0       0       0       0       0       0       0       0       0       0       0       0       0       0       0       0       0       0       0       0       0       0
      Locals:         0       0       0       0       0       0       0       0       0       0       0       0       0       0       0       0       0       0       0       0       0       0       0       0       0       0       0
      Temps:          1       0       0       0       0       0       0       0       0       0       0       0       0       0       0       0       0       0       0       0       0       0       0       0       0       0       0
      Totals:         1       0       0       0       0       0       0       0       0       0       0       0       0       0       0       0       0       0       0       0       0       0       0       0       0       0       0
Total ram usage:        1 bytes
 Hardware stack levels used:    1
 This function calls:
		Nothing
 This function is called by:
		_INTERRUPT_InterruptManager
 This function uses a non-reentrant model


 *************** function _EUSART_Receive_ISR *****************
 Defined at:
		line 163 in file "mcc_generated_files/eusart.c"
 Parameters:    Size  Location     Type
		None
 Auto vars:     Size  Location     Type
		None
 Return value:  Size  Location     Type
		None               void
 Registers used:
		wreg, fsr1l, fsr1h, status,2, status,0
 Tracked objects:
		On entry : 
		On exit  : 
		Unchanged: 
 Data sizes:     COMMON   BANK0   BANK1   BANK2   BANK3   BANK4   BANK5   BANK6   BANK7   BANK8   BANK9  BANK10  BANK11  BANK12  BANK13  BANK14  BANK15  BANK16  BANK17  BANK18  BANK19  BANK20  BANK21  BANK22  BANK23  BANK24  BANK25
      Params:         0       0       0       0       0       0       0       0       0       0       0       0       0       0       0       0       0       0       0       0       0       0       0       0       0       0       0
      Locals:         0       0       0       0       0       0       0       0       0       0       0       0       0       0       0       0       0       0       0       0       0       0       0       0       0       0       0
      Temps:          1       0       0       0       0       0       0       0       0       0       0       0       0       0       0       0       0       0       0       0       0       0       0       0       0       0       0
      Totals:         1       0       0       0       0       0       0       0       0       0       0       0       0       0       0       0       0       0       0       0       0       0       0       0       0       0       0
Total ram usage:        1 bytes
 Hardware stack levels used:    1
 This function calls:
		Nothing
 This function is called by:
		_INTERRUPT_InterruptManager
 This function uses a non-reentrant model



MODULE INFORMATION

Module		Function		Class		Link	Load	Size
mcc_generated_files/opa2.c
		_OPA2_Initialize		CODE           	18F2	0000	5

mcc_generated_files/opa2.c estimated size: 5

mcc_generated_files/fvr.c
		_FVR_Initialize		CODE           	18EA	0000	5

mcc_generated_files/fvr.c estimated size: 5

/Applications/microchip/xc8/v1.35/sources/common/lwmod.c
		___lwmod       		CODE           	1BFA	0000	45

/Applications/microchip/xc8/v1.35/sources/common/lwmod.c estimated size: 45

mcc_generated_files/tmr2.c
		_TMR2_ISR      		CODE           	19C8	0000	21
		_TMR2_Initialize		CODE           	1960	0000	13
		_CheckOneSecFlag		CODE           	1924	0000	10
		_TMR2_CallBack 		CODE           	18E6	0000	5
		_TMR2_StartTimer		CODE           	18DF	0000	4

mcc_generated_files/tmr2.c estimated size: 53

/Applications/microchip/xc8/v1.35/sources/common/llmod.c
		___llmod       		CODE           	1DFB	0000	68

/Applications/microchip/xc8/v1.35/sources/common/llmod.c estimated size: 68

mcc_generated_files/interrupt_manager.c
		_INTERRUPT_InterruptManager		CODE           	0004	0000	46

mcc_generated_files/interrupt_manager.c estimated size: 46

/Applications/microchip/xc8/v1.35/sources/common/Umul32.c
		___lmul        		CODE           	1CB3	0000	51

/Applications/microchip/xc8/v1.35/sources/common/Umul32.c estimated size: 51

mcc_generated_files/tmr0.c
		_TMR0_CallBack 		CODE           	18E2	0000	5
		_Check_1MSFlag 		CODE           	1936	0000	10
		_TMR0_ISR      		CODE           	19F0	0000	24
		_TMR0_Initialize		CODE           	19A6	0000	17

mcc_generated_files/tmr0.c estimated size: 56

mcc_generated_files/pin_manager.c
		_PIN_MANAGER_Initialize		CODE           	1D85	0000	57

mcc_generated_files/pin_manager.c estimated size: 57

/Applications/microchip/xc8/v1.35/sources/common/awmod.c
		___awmod       		CODE           	1EC8	0000	70

/Applications/microchip/xc8/v1.35/sources/common/awmod.c estimated size: 70

mcc_generated_files/adc.c
		_ADC_Initialize		CODE           	193F	0000	11
		_ADC_GetConversion		CODE           	1A07	0000	27

mcc_generated_files/adc.c estimated size: 38

/Applications/microchip/xc8/v1.35/sources/common/lwdiv.c
		___lwdiv       		CODE           	1CE5	0000	53

/Applications/microchip/xc8/v1.35/sources/common/lwdiv.c estimated size: 53

mcc_generated_files/opa3.c
		_OPA3_Initialize		CODE           	18F6	0000	5

mcc_generated_files/opa3.c estimated size: 5

/Applications/microchip/xc8/v1.35/sources/common/lldiv.c
		___lldiv       		CODE           	1FAD	0000	84

/Applications/microchip/xc8/v1.35/sources/common/lldiv.c estimated size: 84

mcc_generated_files/opa1.c
		_OPA1_Initialize		CODE           	18EE	0000	5

mcc_generated_files/opa1.c estimated size: 5

/Applications/microchip/xc8/v1.35/sources/common/Umul8.c
		___bmul        		CODE           	19B6	0000	19

/Applications/microchip/xc8/v1.35/sources/common/Umul8.c estimated size: 19

shared
		__initialization		CODE           	0033	0000	99

shared estimated size: 99

mcc_generated_files/mcc.c
		_OSCILLATOR_Initialize		CODE           	190A	0000	7
		_SYSTEM_Initialize		CODE           	1B45	0000	34

mcc_generated_files/mcc.c estimated size: 41

/Applications/microchip/xc8/v1.35/sources/common/awdiv.c
		___awdiv       		CODE           	1F5B	0000	83

/Applications/microchip/xc8/v1.35/sources/common/awdiv.c estimated size: 83

mcc_generated_files/memory.c
		_DATAEE_WriteByte		CODE           	1A72	0000	30
		_DATAEE_ReadByte		CODE           	1954	0000	13

mcc_generated_files/memory.c estimated size: 43

mcc_generated_files/dac1.c
		_DAC1_SetOutput		CODE           	18FA	0000	6
		_DAC1_Initialize		CODE           	18FF	0000	6

mcc_generated_files/dac1.c estimated size: 12

mcc_generated_files/eusart.c
		_EUSART_Write  		CODE           	1B66	0000	37
		_CheckRxOneByteFlag		CODE           	192D	0000	10
		_EUSART_Transmit_ISR		CODE           	1B25	0000	33
		_EUSART_Initialize		CODE           	1A56	0000	29
		_EUSART_Receive_ISR		CODE           	1B05	0000	33

mcc_generated_files/eusart.c estimated size: 142

main.c
		_Print_uint16Str		CODE           	1655	0000	117
		_Print_CHLN    		CODE           	191C	0000	9
		_I2C_mWrite    		CODE           	1E83	0000	70
		_check_ADO_I2C 		CODE           	1449	0000	98
		_DS18B20_Read  		CODE           	1BD4	0000	39
		_I2C_PAGE_WRITE		CODE           	1576	0000	109
		_Print_String  		CODE           	1B8A	0000	37
		_I2C_Dealy_1   		CODE           	1904	0000	7
		_I2C_Dealy_2   		CODE           	18DC	0000	4
		_Delay480us    		CODE           	1997	0000	16
		_Print_YMD     		CODE           	14AA	0000	102
		_DS18B20_Write 		CODE           	1C54	0000	48
		_DS18B20_Reset 		CODE           	19DC	0000	21
		_UPLOAD_MESURE_REC		CODE           	06C4	0000	230
		_STR2HEX       		CODE           	1A8F	0000	30
		_Covert_Month_2_Day		CODE           	1D4D	0000	57
		_I2C_TEST_10   		CODE           	07A9	0000	88
		_I2C_TEST_02   		CODE           	0802	0000	143
		_main          		CODE           	0CA5	0000	860
		_TEST_PIC_ALL  		CODE           	1C26	0000	47
		_RUN_MESURE    		CODE           	0AAB	0000	507
		_ASCII_OCT2HEX 		CODE           	1BAE	0000	39
		_I2C_mREAD     		CODE           	1E3E	0000	70
		_Convert_2HB   		CODE           	1D19	0000	53
		_Convert_YMD   		CODE           	15E2	0000	116
		_Convert_HMS   		CODE           	16C9	0000	154
		_Delay5us      		CODE           	0002	0000	2
		_Print_HMS     		CODE           	138E	0000	93
		_I2C_STOP_BIT  		CODE           	1979	0000	16
		_I2C_WRITE_8BIT		CODE           	1DBD	0000	63
		_I2C_READ_8BIT 		CODE           	1339	0000	86
		_Covert_BDC_2_OCT		CODE           	1AC9	0000	30
		_DS18B20_GetTemp		CODE           	0890	0000	182
		_Print_HEX2Str 		CODE           	1F0D	0000	79
		_Delay100us    		CODE           	1988	0000	16
		_print_RTC     		CODE           	13EA	0000	96
		_I2C_Sequential_READ		CODE           	150F	0000	104
		_Decode_RS232_CMD		CODE           	0099	0000	1580
		_PIC_SYNC_ADO_ULSR		CODE           	1762	0000	159
		_PIC_SYNC_ADO_RTC		CODE           	0945	0000	359
		_Print_BreakLine		CODE           	1AAC	0000	30
		_I2C_START_BIT 		CODE           	196C	0000	14

main.c estimated size: 5980

/Applications/microchip/xc8/v1.35/sources/common/Umul16.c
		___wmul        		CODE           	1A3B	0000	28

/Applications/microchip/xc8/v1.35/sources/common/Umul16.c estimated size: 28

